Listando Lei Ordinária de 2026…
  busca página 1: 20 links, 20 novos
  busca página 2: 20 links, 20 novos
  busca página 3: 20 links, 20 novos
  busca página 4: 20 links, 20 novos
  busca página 5: 20 links, 20 novos
  busca página 6: 20 links, 20 novos
  busca página 7: 20 links, 20 novos
  busca página 8: 20 links, 20 novos
  busca página 9: 20 links, 20 novos
  busca página 10: 20 links, 20 novos
  busca página 11: 6 links, 6 novos
206 normas encontradas (a busca anuncia 206).
[  1/206] lei-15324-6-janeiro-2026-798627  4 artigos
[  2/206] lei-15326-6-janeiro-2026-798629  5 artigos
[  3/206] lei-15327-6-janeiro-2026-798630  14 artigos
[  4/206] lei-15325-6-janeiro-2026-798628  6 artigos
[  5/206] lei-15322-6-janeiro-2026-798625  4 artigos
[  6/206] lei-15323-6-janeiro-2026-798626  2 artigos
[  7/206] lei-15332-7-janeiro-2026-798635  2 artigos
[  8/206] lei-15329-7-janeiro-2026-798632  2 artigos
[  9/206] lei-15328-7-janeiro-2026-798631  2 artigos
[ 10/206] lei-15330-7-janeiro-2026-798633  2 artigos
[ 11/206] lei-15331-7-janeiro-2026-798634  2 artigos
[ 12/206] lei-15333-7-janeiro-2026-798636  2 artigos
[ 13/206] lei-15334-8-janeiro-2026-798640  2 artigos
[ 14/206] lei-15335-8-janeiro-2026-798641  3 artigos
[ 15/206] lei-15337-8-janeiro-2026-798643  2 artigos
[ 16/206] lei-15336-8-janeiro-2026-798642  2 artigos
[ 17/206] lei-15339-9-janeiro-2026-798645  2 artigos
[ 18/206] lei-15343-9-janeiro-2026-798649  3 artigos
[ 19/206] lei-15342-9-janeiro-2026-798648  2 artigos
[ 20/206] lei-15340-9-janeiro-2026-798646  2 artigos
[ 21/206] lei-15341-9-janeiro-2026-798647  3 artigos
[ 22/206] lei-15338-9-janeiro-2026-798644  5 artigos
[ 23/206] lei-15345-12-janeiro-2026-798656  6 artigos
[ 24/206] lei-15344-12-janeiro-2026-798655  7 artigos
[ 25/206] lei-15346-14-janeiro-2026-798659  10 artigos
[ 26/206] lei-15347-6-fevereiro-2026-798695  2 artigos
[ 27/206] lei-15348-13-fevereiro-2026-798716  10 artigos
[ 28/206] lei-15350-17-fevereiro-2026-798714  ERRO: página da norma sem link para a publicação original; disponíveis: Texto - Veto, Texto - Retificação, Texto - Veto - Retificação
[ 29/206] lei-15351-17-fevereiro-2026-798715  ERRO: página da norma sem link para a publicação original; disponíveis: Texto - Veto, Texto - Veto - Retificação
[ 30/206] lei-15349-17-fevereiro-2026-798713  16 artigos
[ 31/206] lei-15352-25-fevereiro-2026-798731  21 artigos
[ 32/206] lei-15353-8-marco-2026-798789  3 artigos
[ 33/206] lei-15354-10-marco-2026-798795  4 artigos
[ 34/206] lei-15355-11-marco-2026-798799  21 artigos
[ 35/206] lei-15356-19-marco-2026-798823  2 artigos
[ 36/206] lei-15357-20-marco-2026-798834  2 artigos
[ 37/206] lei-15359-24-marco-2026-798847  9 artigos
[ 38/206] lei-15358-24-marco-2026-798846  44 artigos
[ 39/206] lei-15361-25-marco-2026-798853  4 artigos
[ 40/206] lei-15360-25-marco-2026-798852  2 artigos
[ 41/206] lei-15362-26-marco-2026-798866  2 artigos
[ 42/206] lei-15363-26-marco-2026-798867  3 artigos
[ 43/206] lei-15364-26-marco-2026-798868  4 artigos
[ 44/206] lei-15367-30-marco-2026-798892  125 artigos
[ 45/206] lei-15368-30-marco-2026-798893  2 artigos
[ 46/206] lei-15365-30-marco-2026-798890  4 artigos
[ 47/206] lei-15366-30-marco-2026-798891  4 artigos
[ 48/206] lei-15370-31-marco-2026-798907  5 artigos
[ 49/206] lei-15369-31-marco-2026-798906  3 artigos
[ 50/206] lei-15371-31-marco-2026-798908  14 artigos
[ 51/206] lei-15372-1-abril-2026-798910  3 artigos
[ 52/206] lei-15373-1-abril-2026-798911  ERRO: página da norma sem link para a publicação original; disponíveis: Texto - Veto
[ 53/206] lei-15376-2-abril-2026-798914  2 artigos
[ 54/206] lei-15377-2-abril-2026-798915  3 artigos
[ 55/206] lei-15374-2-abril-2026-798917  5 artigos
[ 56/206] lei-15375-2-abril-2026-798913  2 artigos
[ 57/206] lei-15380-6-abril-2026-798920  3 artigos
[ 58/206] lei-15379-6-abril-2026-798919  2 artigos
[ 59/206] lei-15378-6-abril-2026-798918  25 artigos
[ 60/206] lei-15381-8-abril-2026-798933  7 artigos
[ 61/206] lei-15383-9-abril-2026-798938  6 artigos
[ 62/206] lei-15382-9-abril-2026-798937  3 artigos
[ 63/206] lei-15384-9-abril-2026-798939  5 artigos
[ 64/206] lei-15386-10-abril-2026-798944  2 artigos
[ 65/206] lei-15385-10-abril-2026-798943  2 artigos
[ 66/206] lei-15387-13-abril-2026-798945  2 artigos
[ 67/206] lei-15388-14-abril-2026-798950  37 artigos
[ 68/206] lei-15389-15-abril-2026-798955  2 artigos
[ 69/206] lei-15391-15-abril-2026-798956  21 artigos
[ 70/206] lei-15390-15-abril-2026-798954  2 artigos
[ 71/206] lei-15393-16-abril-2026-798971  6 artigos
[ 72/206] lei-15392-16-abril-2026-798970  8 artigos
[ 73/206] lei-15394-22-abril-2026-798982  2 artigos
[ 74/206] lei-15395-27-abril-2026-799000  27 artigos
[ 75/206] lei-15396-28-abril-2026-799009  14 artigos
[ 76/206] lei-15397-30-abril-2026-799020  4 artigos
[ 77/206] lei-15398-30-abril-2026-799021  18 artigos
[ 78/206] lei-15399-4-maio-2026-799033  11 artigos
[ 79/206] lei-15401-5-maio-2026-799071  6 artigos
[ 80/206] lei-15400-5-maio-2026-799070  2 artigos
[ 81/206] lei-15404-8-maio-2026-799087  5 artigos
[ 82/206] lei-15403-8-maio-2026-799088  4 artigos
[ 83/206] lei-15402-8-maio-2026-799086  3 artigos
[ 84/206] lei-15405-8-maio-2026-799089  2 artigos
[ 85/206] lei-15406-11-maio-2026-799098  2 artigos
[ 86/206] lei-15407-11-maio-2026-799099  4 artigos
[ 87/206] lei-15408-14-maio-2026-799118  3 artigos
[ 88/206] lei-15409-20-maio-2026-799132  6 artigos
[ 89/206] lei-15410-20-maio-2026-799133  4 artigos
[ 90/206] lei-15411-20-maio-2026-799134  2 artigos
[ 91/206] lei-15412-20-maio-2026-799135  2 artigos
[ 92/206] lei-15414-21-maio-2026-799150  3 artigos
[ 93/206] lei-15413-21-maio-2026-799149  3 artigos
[ 94/206] lei-15415-25-maio-2026-799179  2 artigos
[ 95/206] lei-15416-25-maio-2026-799180  4 artigos
[ 96/206] lei-15417-25-maio-2026-799181  2 artigos
[ 97/206] lei-15418-28-maio-2026-799193  13 artigos
[ 98/206] lei-15419-28-maio-2026-799194  9 artigos
[ 99/206] lei-15420-28-maio-2026-799195  2 artigos
[100/206] lei-15421-1-junho-2026-799207  75 artigos
[101/206] lei-15426-3-junho-2026-799216  4 artigos
[102/206] lei-15427-3-junho-2026-799217  3 artigos
[103/206] lei-15425-3-junho-2026-799215  3 artigos
[104/206] lei-15423-3-junho-2026-799213  3 artigos
[105/206] lei-15422-3-junho-2026-799212  4 artigos
[106/206] lei-15424-3-junho-2026-799214  4 artigos
[107/206] lei-15429-5-junho-2026-799220  2 artigos
[108/206] lei-15428-5-junho-2026-799219  3 artigos
[109/206] lei-15430-10-junho-2026-799332  6 artigos
[110/206] lei-15431-10-junho-2026-799333  2 artigos
[111/206] lei-15432-13-junho-2026-799355  44 artigos
[112/206] lei-15434-16-junho-2026-799359  4 artigos
[113/206] lei-15433-16-junho-2026-799358  3 artigos
[114/206] lei-15435-17-junho-2026-799364  7 artigos
[115/206] lei-15436-17-junho-2026-799365  25 artigos
[116/206] lei-15438-18-junho-2026-799371  5 artigos
[117/206] lei-15437-18-junho-2026-799370  5 artigos
[118/206] lei-15444-26-junho-2026-799428  4 artigos
[119/206] lei-15440-26-junho-2026-799424  3 artigos
[120/206] lei-15441-26-junho-2026-799425  8 artigos
[121/206] lei-15445-26-junho-2026-799429  4 artigos
[122/206] lei-15439-26-junho-2026-799423  10 artigos
[123/206] lei-15442-26-junho-2026-799426  2 artigos
[124/206] lei-15443-26-junho-2026-799427  2 artigos
[125/206] lei-15452-30-junho-2026-799439  2 artigos
[126/206] lei-15446-30-junho-2026-799444  2 artigos
[127/206] lei-15447-30-junho-2026-799434  2 artigos
[128/206] lei-15448-30-junho-2026-799435  3 artigos
[129/206] lei-15449-30-junho-2026-799436  4 artigos
[130/206] lei-15451-30-junho-2026-799438  2 artigos
[131/206] lei-15450-30-junho-2026-799437  2 artigos
[132/206] lei-15454-1-julho-2026-799452  3 artigos
[133/206] lei-15453-1-julho-2026-799451  2 artigos
[134/206] lei-15455-1-julho-2026-799453  10 artigos
[135/206] lei-15456-3-julho-2026-799460  6 artigos
[136/206] lei-15457-3-julho-2026-799461  11 artigos
[137/206] lei-15458-3-julho-2026-799463  2 artigos
[138/206] lei-15460-7-julho-2026-799519  2 artigos
[139/206] lei-15459-7-julho-2026-799518  7 artigos
[140/206] lei-15461-7-julho-2026-799520  2 artigos
[141/206] lei-15462-8-julho-2026-799526  2 artigos
[142/206] lei-15463-8-julho-2026-799527  3 artigos
[143/206] lei-15464-9-julho-2026-799531  2 artigos
[144/206] lei-15465-9-julho-2026-799532  4 artigos
[145/206] lei-15466-9-julho-2026-799533  3 artigos
[146/206] lei-15467-13-julho-2026-799592  2 artigos
[147/206] lei-15468-13-julho-2026-799593  2 artigos
[148/206] lei-15469-15-julho-2026-799598  2 artigos
[149/206] lei-15470-16-julho-2026-799602  3 artigos
[150/206] lei-15471-20-julho-2026-799657  39 artigos
[151/206] lei-15472-21-julho-2026-799661  2 artigos
[152/206] lei-15473-22-julho-2026-799664  4 artigos
[153/206] lei-15477-23-julho-2026-799671  2 artigos
[154/206] lei-15474-23-julho-2026-799668  11 artigos
[155/206] lei-15475-23-julho-2026-799669  4 artigos
[156/206] lei-15476-23-julho-2026-799670  6 artigos
[157/206] lei-15479-29-julho-2026-799680  4 artigos
[158/206] lei-15478-29-julho-2026-799679  4 artigos
[159/206] lei-15480-30-julho-2026-799684  5 artigos
[160/206] lei-15481-31-julho-2026-799691  2 artigos
[161/206] lei-15484-4-agosto-2026-799698  7 artigos
[162/206] lei-15483-4-agosto-2026-799697  2 artigos
[163/206] lei-15482-4-agosto-2026-799696  4 artigos
[164/206] lei-15485-5-agosto-2026-799699  12 artigos
[165/206] lei-15486-6-agosto-2026-799702  4 artigos
[166/206] lei-15487-6-agosto-2026-799703  7 artigos
[167/206] lei-15488-14-agosto-2026-799775  2 artigos
[168/206] lei-15489-14-agosto-2026-799776  2 artigos
[169/206] lei-15490-17-agosto-2026-799799  5 artigos
[170/206] lei-15491-24-agosto-2026-799806  3 artigos
[171/206] lei-15493-2-setembro-2026-799877  5 artigos
[172/206] lei-15492-2-setembro-2026-799876  7 artigos
[173/206] lei-15494-2-setembro-2026-799878  2 artigos
[174/206] lei-15496-3-setembro-2026-799882  6 artigos
[175/206] lei-15495-3-setembro-2026-799881  2 artigos
[176/206] lei-15497-4-setembro-2026-799884  2 artigos
[177/206] lei-15500-4-setembro-2026-799904  10 artigos
[178/206] lei-15499-4-setembro-2026-799903  10 artigos
[179/206] lei-15498-4-setembro-2026-799902  6 artigos
[180/206] lei-15501-9-setembro-2026-799913  13 artigos
[181/206] lei-15502-10-setembro-2026-799916  7 artigos
[182/206] lei-15503-14-setembro-2026-799922  19 artigos
[183/206] lei-15505-15-setembro-2026-799927  5 artigos
[184/206] lei-15505-15-setembro-2026-799926  ERRO: RuntimeError: https://www2.camara.leg.br/legin/fed/lei/2026/lei-15505-15-setembro-2026-799926-norma-pl.html: 404 Client Error: Not Found for url: https://www2.camara.leg.br/legin/fed/lei/2026/lei-15505-15-setembro-2026-799926-norma-pl.html
[185/206] lei-15504-15-setembro-2026-799925  5 artigos
[186/206] lei-15506-16-setembro-2026-799928  51 artigos
[187/206] lei-15508-21-setembro-2026-799996  3 artigos
[188/206] lei-15511-21-setembro-2026-799999  3 artigos
[189/206] lei-15510-21-setembro-2026-799998  3 artigos
[190/206] lei-15507-21-setembro-2026-799995  2 artigos
[191/206] lei-15509-21-setembro-2026-799997  2 artigos
[192/206] lei-15513-22-setembro-2026-800008  3 artigos
[193/206] lei-15518-22-setembro-2026-800013  8 artigos
[194/206] lei-15514-22-setembro-2026-800009  2 artigos
[195/206] lei-15512-22-setembro-2026-800007  35 artigos
[196/206] lei-15517-22-setembro-2026-800012  4 artigos
[197/206] lei-15515-22-setembro-2026-800010  2 artigos
[198/206] lei-15519-22-setembro-2026-800014  6 artigos
[199/206] lei-15516-22-setembro-2026-800011  8 artigos
[200/206] lei-15521-24-setembro-2026-800018  16 artigos
[201/206] lei-15520-24-setembro-2026-800017  11 artigos
[202/206] lei-15522-28-setembro-2026-800021  11 artigos
[203/206] lei-15524-28-setembro-2026-800023  8 artigos
[204/206] lei-15525-28-setembro-2026-800024  6 artigos
[205/206] lei-15523-28-setembro-2026-800022  4 artigos
[206/206] lei-15526-29-setembro-2026-800026  7 artigos

202 JSONs gravados, 4 com erro. Índice em coleta\2026\indice.json
